# Sideload corpus baseline: what this corpus already loses today.
# Generated with --update-baseline. Anything NOT listed here breaks the build.
# Corpus: dist
# One line per accepted diagnostic: Kind<TAB>Subject.
# Deleting lines is the progress - the shorter the file, the less falls away silently.

UnknownProperty	border-collapse
ValueIgnored	display
ValueIgnored	font-variant-numeric
ValueIgnored	resize
ValueIgnored	text-decoration
